error: your template code is too deeply nested, or last expression is too complex
 --> <source attribute>:14:42
       "%}{%if 1%}{%if 1%}{%if 1%}{%if 1%}{%if 1%}\n    {%if 1%}{%if 1%}{%if 1%}{%if 1%}{%if 1%}{%if 1%}{%if 1%}{%if 1%}{%if 1%}{%if 1%}\n    {%if 1%}{%if 1%}{%if 1%}{%if 1%}{%if 1%}{%if 1%}{%if 1%}{%if 1%}{%if 1%}{%if 1%}\n    {%if 1%}{%if 1%}{%if 1%}{%if 1%}{%if 1%}{%if 1%}{%if 1%}{%if 1%}{%if 1%}{%if 1%}\n    {%if 1%}{%if 1%}{%if 1%}{%if 1%}{%if 1%}{%if 1%}{%if 1%}{%if 1%}{%if 1%}{%if 1%}\n    {%if 1%}{%if 1%}{%if 1%}{%if 1%}{%if 1%}{%if 1%}{%if 1%}{%if 1%}{%if 1%}{%if 1%}\n    {%if 1%}{%if 1%}{%if 1%}{%if 1%}{%if 1%}{%if 1%}{%if 1%}{%if 1%}{%if 1%}{%if 1%}\n    {%if 1%}{%if 1%}{%if 1%}{%if 1%}{%if 1%}{%if 1%}{%if 1%}{%if 1%}{%if 1%}{%if 1%}\n    {%if 1%}{%if 1%}{%if 1%}{%if 1%}{%if 1%}{%if 1%}{%if 1%}{%if 1%}{%if 1%}{%if 1%} 200\n\n    {%if 1%}{%if 1%}{%if 1%}{%if 1%}{%if 1%}{%if 1%}{%if 1%}{%if 1%}{%if 1%}{%if 1%}\n    {%if 1%}{%if 1%}{%if 1%}{%if 1%}{%if 1%}{%if 1%}{%if 1%}{%if 1%}{%if 1%}{%if 1%}\n    {%if 1%}{%if 1%}{%if 1%}{%if 1%}{%if 1%}{%if 1%}{%if 1%}{%if 1%}{%if 1%}{%if 1%}\n    {%if 1%}{%if 1%}{%if 1%}{%if 1%}{%if 1%}{%if 1%}{%if 1%}{%if 1%}{%if 1%}{%if 1%}\n    {%if 1%}{%if 1%}{%if 1%}{%if 1%}{%if 1%}{%if 1%}{%if 1%}{%if 1%}{%if 1%}{%if 1%}\n    {%if 1%}{%if 1%}{%if 1%}{%if 1%}{%if 1%}{%if 1%}{%if 1%}{%if 1%}{%if 1%}{%if 1%}\n    {%if 1%}{%if 1%}{%if 1%}{%if 1%}{%if 1%}{%if 1%}{%if 1%}{%if 1%}{%if 1%}{%if 1%}\n    {%if 1%}{%if 1%}{%if 1%}{%if 1%}{%if 1%}{%if 1%}{%if 1%}{%if 1%}{%if 1%}{%if 1%}\n    {%if 1%}{%if 1%}{%if 1%}{%if 1%}{%if 1%}{%if 1%}{%if 1%}{%if 1%}{%if 1%}{%if 1%}\n    {%if 1%}{%if 1%}{%if 1%}{%if 1%}{%if 1%}{%if 1%}{%if 1%}{%if 1%}{%if 1%}{%if 1%} 300\n\n    {%if 1%}{%if 1%}{%if 1%}{%if 1%}{%if 1%}{%if 1%}{%if 1%}{%if 1%}{%if 1%}{%if 1%}\n    {%if 1%}{%if 1%}{%if 1%}{%if 1%}{%if 1%}{%if 1%}{%if 1%}{%if 1%}{%if 1%}{%if 1%}\n    {%if 1%}{%if 1%}{%if 1%}{%if 1%}{%if 1%}{%if 1%}{%if 1%}{%if 1%}{%if 1%}{%if 1%}\n    {%if 1%}{%if 1%}{%if 1%}{%if 1%}{%if 1%}{%if 1%}{%if 1%}{%if 1%}{%if 1%}{%if 1%}\n    {%if 1%}{%if 1%}{%if 1%}{%if 1%}{%if 1%}{%if 1%}{%if 1%}{%if 1%}{%if 1%}{%if 1%}\n    {%if 1%}{%if 1%}{%if 1%}{%if 1%}{%if 1%}{%if 1%}{%if 1%}{%if 1%}{%if 1%}{%if 1%}\n    {%if 1%}{%if 1%}{%if 1%}{%if 1%}{%if 1%}{%if 1%}{%if 1%}{%if 1%}{%if 1%}{%if 1%}\n    {%if 1%}{%if 1%}{%if 1%}{%if 1%}{%if 1%}{%if 1%}{%if 1%}{%if 1%}{%if 1%}{%if 1%}\n    {%if 1%}{%if 1%}{%if 1%}{%if 1%}{%if 1%}{%if 1%}{%if 1%}{%if 1%}{%if 1%}{%if 1%}\n    {%if 1%}{%if 1%}{%if 1%}{%if 1%}{%if 1%}{%if 1%}{%if 1%}{%if 1%}{%if 1%}{%if 1%} 400\n\n    {%if 1%}{%if 1%}{%if 1%}{%if 1%}{%if 1%}{%if 1%}{%if 1%}{%if 1%}{%if 1%}{%if 1%}\n    {%if 1%}{%if 1%}{%if 1%}{%if 1%}{%if 1%}{%if 1%}{%if 1%}{%if 1%}{%if 1%}{%if 1%}\n    {%if 1%}{%if 1%}{%if 1%}{%if 1%}{%if 1%}{%if 1%}{%if 1%}{%if 1%}{%if 1%}{%if 1%}\n    {%if 1%}{%if 1%}{%if 1%}{%if 1%}{%if 1%}{%if 1%}{%if 1%}{%if 1%}{%if 1%}{%if 1%}\n    {%if 1%}{%if 1%}{%if 1%}{%if 1%}{%if 1%}{%if 1%}{%if 1%}{%if 1%}{%if 1%}{%if 1%}\n    {%if 1%}{%if 1%}{%if 1%}{%if 1%}{%if 1%}{%if 1%}{%if 1%}{%if 1%}{%if 1%}{%if 1%}\n    {%if 1%}{%if 1%}{%if 1%}{%if 1%}{%if 1%}{%if 1%}{%if 1%}{%if 1%}{%if 1%}{%if 1%}\n    {%if 1%}{%if 1%}{%if 1%}{%if 1%}{%if 1%}{%if 1%}{%if 1%}{%if 1%}{%if 1%}{%if 1%}\n    {%if 1%}{%if 1%}{%if 1%}{%if 1%}{%if 1%}{%if 1%}{%if 1%}{%if 1%}{%if 1%}{%if 1%}\n    {%if 1%}{%if 1%}{%if 1%}{%if 1%}{%if 1%}{%if 1%}{%if 1%}{%if 1%}{%if 1%}{%if 1%} 500\n\n    {%if 1%}{%if 1%}{%if 1%}{%if 1%}{%if 1%}{%if 1%}{%if 1%}{%if 1%}{%if 1%}{%if 1%}\n    {%if 1%}{%if 1%}{%if 1%}{%if 1%}{%if 1%}{%if 1%}{%if 1%}{%if 1%}{%if 1%}{%if 1%}\n    {%if 1%}{%if 1%}{%if 1%}{%if 1%}{%if 1%}{%if 1%}{%if 1%}{%if 1%}{%if 1%}{%if 1%}\n    {%if 1%}{%if 1%}{%if 1%}{%if 1%}{%if 1%}{%if 1%}{%if 1%}{%if 1%}{%if 1%}{%if 1%}\n    {%if 1%}{%if 1%}{%if 1%}{%if 1%}{%if 1%}{%if 1%}{%if 1%}{%if 1%}{%if 1%}{%if 1%}\n    {%if 1%}{%if 1%}{%if 1%}{%if 1%}{%if 1%}{%if 1%}{%if 1%}{%if 1%}{%if 1%}{%if 1%}\n    {%if 1%}{%if 1%}{%if 1%}{%if 1%}{%if 1%}{%if 1%}{%if 1%}{%if 1%}{%if 1%}{%if 1%}\n    {%if 1%}{%if 1%}{%if 1%}{%if 1%}{%if 1%}{%if 1%}{%if 1%}{%if 1%}{%if 1%}{%if 1%}\n    {%if 1%}{%if 1%}{%if 1%}{%if 1%}{%if 1%}{%if 1%}{%if 1%}{%if 1%}{%if 1%}{%if 1%}\n    {%if 1%}{%if 1%}{%if 1%}{%if 1%}{%if 1%}{%if 1%}{%if 1%}{%if 1%}{%if 1%}{%if 1%} 600\n\n    {%if 1%}{%if 1%}{%if 1%}{%if 1%}{%if 1%}{%if 1%}{%if 1%}{%if 1%}{%if 1%}{%if 1%}\n    {%if 1%}{%if 1%}{%if 1%}{%if 1%}{%if 1%}{%if 1%}{%if 1%}{%if 1%}{%if 1%}{%if 1%}\n    {%if 1%}{%if 1%}{%if 1%}{%if 1%}{%if 1%}{%if 1%}{%if 1%}{%if 1%}{%if 1%}{%if 1%}\n    {%if 1%}{%if 1%}{%if 1%}{%if 1%}{%if 1%}{%if 1%}{%if 1%}{%if 1%}{%if 1%}{%if 1%}\n    {%if 1%}{%if 1%}{%if 1%}{%if 1%}{%if 1%}{%if 1%}{%if 1%}{%if 1%}{%if 1%}{%if 1%}\n    {%if 1%}{%if 1%}{%if 1%}{%if 1%}{%if 1%}{%if 1%}{%if 1%}{%if 1%}{%if 1%}{%if 1%}\n    {%if 1%}{%if 1%}{%if 1%}{%if 1%}{%if 1%}{%if 1%}{%if 1%}{%if 1%}{%if 1%}{%if 1%}\n    {%if 1%}{%if 1%}{%if 1%}{%if 1%}{%if 1%}{%if 1%}{%if 1%}{%if 1%}{%if 1%}{%if 1%}\n    {%if 1%}{%if 1%}{%if 1%}{%if 1%}{%if 1%}{%if 1%}{%if 1%}{%if 1%}{%if 1%}{%if 1%}\n    {%if 1%}{%if 1%}{%if 1%}{%if 1%}{%if 1%}{%if 1%}{%if 1%}{%if 1%}{%if 1%}{%if 1%} 700\n\n    {%if 1%}{%if 1%}{%if 1%}{%if 1%}{%if 1%}{%if 1%}{%if 1%}{%if 1%}{%if 1%}{%if 1%}\n    {%if 1%}{%if 1%}{%if 1%}{%if 1%}{%if 1%}{%if 1%}{%if 1%}{%if 1%}{%if 1%}{%if 1%}\n    {%if 1%}{%if 1%}{%if 1%}{%if 1%}{%if 1%}{%if 1%}{%if 1%}{%if 1%}{%if 1%}{%if 1%}\n    {%if 1%}{%if 1%}{%if 1%}{%if 1%}{%if 1%}{%if 1%}{%if 1%}{%if 1%}{%if 1%}{%if 1%}\n    {%if 1%}{%if 1%}{%if 1%}{%if 1%}{%if 1%}{%if 1%}{%if 1%}{%if 1%}{%if 1%}{%if 1%}\n    {%if 1%}{%if 1%}{%if 1%}{%if 1%}{%if 1%}{%if 1%}{%if 1%}{%if 1%}{%if 1%}{%if 1%}\n    {%if 1%}{%if 1%}{%if 1%}{%if 1%}{%if 1%}{%if 1%}{%if 1%}{%if 1%}{%if 1%}{%if 1%}\n    {%if 1%}{%if 1%}{%if 1%}{%if 1%}{%if 1%}{%if 1%}{%if 1%}{%if 1%}{%if 1%}{%if 1%}\n    {%if 1%}{%if 1%}{%if 1%}{%if 1%}{%if 1%}{%if 1%}{%if 1%}{%if 1%}{%if 1%}{%if 1%}\n    {%if 1%}{%if 1%}{%if 1%}{%if 1%}{%if 1%}{%if 1%}{%if 1%}{%if 1%}{%if 1%}{%if 1%} 800\n\n    {%if 1%}{%if 1%}{%if 1%}{%if 1%}{%if 1%}{%if 1%}{%if 1%}{%if 1%}{%if 1%}{%if 1%}\n    {%if 1%}{%if 1%}{%if 1%}{%if 1%}{%if 1%}{%if 1%}{%if 1%}{%if 1%}{%if 1%}{%if 1%}\n    {%if 1%}{%if 1%}{%if 1%}{%if 1%}{%if 1%}{%if 1%}{%if 1%}{%if 1%}{%if 1%}{%if 1%}\n    {%if 1%}{%if 1%}{%if 1%}{%if 1%}{%if 1%}{%if 1%}{%if 1%}{%if 1%}{%if 1%}{%if 1%}\n    {%if 1%}{%if 1%}{%if 1%}{%if 1%}{%if 1%}{%if 1%}{%if 1%}{%if 1%}{%if 1%}{%if 1%}\n    {%if 1%}{%if 1%}{%if 1%}{%if 1%}{%if 1%}{%if 1%}{%if 1%}{%if 1%}{%if 1%}{%if 1%}\n    {%if 1%}{%if 1%}{%if 1%}{%if 1%}{%if 1%}{%if 1%}{%if 1%}{%if 1%}{%if 1%}{%if 1%}\n    {%if 1%}{%if 1%}{%if 1%}{%if 1%}{%if 1%}{%if 1%}{%if 1%}{%if 1%}{%if 1%}{%if 1%}\n    {%if 1%}{%if 1%}{%if 1%}{%if 1%}{%if 1%}{%if 1%}{%if 1%}{%if 1%}{%if 1%}{%if 1%}\n    {%if 1%}{%if 1%}{%if 1%}{%if 1%}{%if 1%}{%if 1%}{%if 1%}{%if 1%}{%if 1%}{%if 1%} 900\n\n    {%if 1%}{%if 1%}{%if 1%}{%if 1%}{%if 1%}{%if 1%}{%if 1%}{%if 1%}{%if 1%}{%if 1%}\n    {%if 1%}{%if 1%}{%if 1%}{%if 1%}{%if 1%}{%if 1%}{%if 1%}{%if 1%}{%if 1%}{%if 1%}\n    {%if 1%}{%if 1%}{%if 1%}{%if 1%}{%if 1%}{%if 1%}{%if 1%}{%if 1%}{%if 1%}{%if 1%}\n    {%if 1%}{%if 1%}{%if 1%}{%if 1%}{%if 1%}{%if 1%}{%if 1%}{%if 1%}{%if 1%}{%if 1%}\n    {%if 1%}{%if 1%}{%if 1%}{%if 1%}{%if 1%}{%if 1%}{%if 1%}{%if 1%}{%if 1%}{%if 1%}\n    {%if 1%}{%if 1%}{%if 1%}{%if 1%}{%if 1%}{%if 1%}{%if 1%}{%if 1%}{%if 1%}{%if 1%}\n    {%if 1%}{%if 1%}{%if 1%}{%if 1%}{%if 1%}{%if 1%}{%if 1%}{%if 1%}{%if 1%}{%if 1%}\n    {%if 1%}{%if 1%}{%if 1%}{%if 1%}{%if 1%}{%if 1%}{%if 1%}{%if 1%}{%if 1%}{%if 1%}\n    {%if 1%}{%if 1%}{%if 1%}{%if 1%}{%if 1%}{%if 1%}{%if 1%}{%if 1%}{%if 1%}{%if 1%}\n    {%if 1%}{%if 1%}{%if 1%}{%if 1%}{%if 1%}{%if 1%}{%if 1%}{%if 1%}{%if 1%}{%if 1%} 1000\n    "
   --> tests/ui/excessive_nesting.rs:5:14
    |
5   |       source = "
    |  ______________^
6   | |     {%if 1%}{%if 1%}{%if 1%}{%if 1%}{%if 1%}{%if 1%}{%if 1%}{%if 1%}{%if 1%}{%if 1%}
7   | |     {%if 1%}{%if 1%}{%if 1%}{%if 1%}{%if 1%}{%if 1%}{%if 1%}{%if 1%}{%if 1%}{%if 1%}
8   | |     {%if 1%}{%if 1%}{%if 1%}{%if 1%}{%if 1%}{%if 1%}{%if 1%}{%if 1%}{%if 1%}{%if 1%}
...   |
114 | |     {%if 1%}{%if 1%}{%if 1%}{%if 1%}{%if 1%}{%if 1%}{%if 1%}{%if 1%}{%if 1%}{%if 1%} 1000
115 | |     ",
    | |_____^
